// Jest Snapshot v1, https://goo.gl/fbAQLP

exports[`TimeSlot should match snapshot 1`] = `
<li
  onClick={undefined}
  style={
    Object {
      "backgroundColor": "none",
    }
  }
>
  1
   - Booked by John
</li>
`;
